CREATE EXTENSION log;
SELECT base36_encode(0);
 base36_encode 
---------------
 
(1 row)

